<html>
<body>
<pre>
<h1>µVision Build Log</h1>
<h2>Project:</h2>
C:\Users\Gosia\Desktop\MTM\wbudowane\RTOS\FreeRTOSv10.0.1_ok\FreeRTOS\Demo\RTOS_cz3\RTOSDemo.uvproj
Project File Date:  06/14/2018

<h2>Output:</h2>
Build target 'RTOSDemo_THUMB'
compiling main.c...
main.c(9): error:  #137: expression must be a modifiable lvalue
main.c(10): error:  #65: expected a ";"
main.c(17): warning:  #12-D: parsing restarts here after previous syntax error
".\bin\RTOSDemo.axf" - 2 Errors, 1 Warning(s).
Target not created
Build target 'RTOSDemo_THUMB'
compiling main.c...
main.c(9): error:  #137: expression must be a modifiable lvalue
".\bin\RTOSDemo.axf" - 1 Errors, 0 Warning(s).
Target not created
Build target 'RTOSDemo_THUMB'
compiling main.c...
linking...
Program Size: Code=9740 RO-data=32 RW-data=104 ZI-data=7992  
FromELF: creating hex file...
".\bin\RTOSDemo.axf" - 0 Errors, 0 Warning(s).
Build target 'RTOSDemo_THUMB'
compiling main.c...
linking...
Program Size: Code=9752 RO-data=32 RW-data=104 ZI-data=7992  
FromELF: creating hex file...
".\bin\RTOSDemo.axf" - 0 Errors, 0 Warning(s).
Build target 'RTOSDemo_THUMB'
compiling main.c...
linking...
Program Size: Code=9740 RO-data=32 RW-data=104 ZI-data=7992  
FromELF: creating hex file...
".\bin\RTOSDemo.axf" - 0 Errors, 0 Warning(s).
compiling main.c...
"main.c" - 0 Errors, 0 Warning(s).
Build target 'RTOSDemo_THUMB'
linking...
Program Size: Code=9744 RO-data=32 RW-data=104 ZI-data=7992  
FromELF: creating hex file...
".\bin\RTOSDemo.axf" - 0 Errors, 0 Warning(s).
Build target 'RTOSDemo_THUMB'
compiling main.c...
linking...
Program Size: Code=9756 RO-data=32 RW-data=104 ZI-data=7992  
FromELF: creating hex file...
".\bin\RTOSDemo.axf" - 0 Errors, 0 Warning(s).
Build target 'RTOSDemo_THUMB'
compiling main.c...
compiling uart.c...
C:\Keil\ARM\Inc\Philips\lpc21xx.h(198): warning:  #47-D: incompatible redefinition of macro "S0SPCR" (declared at line 179 of "C:\Keil\ARM\Inc\Philips\LPC210X.H")
C:\Keil\ARM\Inc\Philips\lpc21xx.h(200): warning:  #47-D: incompatible redefinition of macro "S0SPDR" (declared at line 181 of "C:\Keil\ARM\Inc\Philips\LPC210X.H")
linking...
Program Size: Code=9816 RO-data=32 RW-data=108 ZI-data=7988  
FromELF: creating hex file...
".\bin\RTOSDemo.axf" - 0 Errors, 2 Warning(s).
Rebuild target 'RTOSDemo_THUMB'
assembling Startup.s...
compiling main.c...
compiling led.c...
compiling string.c...
compiling uart.c...
C:\Keil\ARM\Inc\Philips\lpc21xx.h(198): warning:  #47-D: incompatible redefinition of macro "S0SPCR" (declared at line 179 of "C:\Keil\ARM\Inc\Philips\LPC210X.H")
C:\Keil\ARM\Inc\Philips\lpc21xx.h(200): warning:  #47-D: incompatible redefinition of macro "S0SPDR" (declared at line 181 of "C:\Keil\ARM\Inc\Philips\LPC210X.H")
compiling keyboard.c...
compiling servo.c...
compiling timer_interrupts.c...
compiling tasks.c...
compiling list.c...
compiling queue.c...
compiling port.c...
compiling heap_2.c...
assembling portASM.s...
linking...
Program Size: Code=9816 RO-data=32 RW-data=108 ZI-data=7988  
FromELF: creating hex file...
".\bin\RTOSDemo.axf" - 0 Errors, 2 Warning(s).
Build target 'RTOSDemo_THUMB'
linking...
Program Size: Code=9816 RO-data=32 RW-data=108 ZI-data=7988  
FromELF: creating hex file...
".\bin\RTOSDemo.axf" - 0 Errors, 0 Warning(s).
Build target 'RTOSDemo_THUMB'
linking...
Program Size: Code=9816 RO-data=32 RW-data=108 ZI-data=7988  
FromELF: creating hex file...
".\bin\RTOSDemo.axf" - 0 Errors, 0 Warning(s).
Build target 'RTOSDemo_THUMB'
compiling uart.c...
C:\Keil\ARM\Inc\Philips\lpc21xx.h(198): warning:  #47-D: incompatible redefinition of macro "S0SPCR" (declared at line 179 of "C:\Keil\ARM\Inc\Philips\LPC210X.H")
C:\Keil\ARM\Inc\Philips\lpc21xx.h(200): warning:  #47-D: incompatible redefinition of macro "S0SPDR" (declared at line 181 of "C:\Keil\ARM\Inc\Philips\LPC210X.H")
linking...
Program Size: Code=9832 RO-data=32 RW-data=108 ZI-data=7988  
FromELF: creating hex file...
".\bin\RTOSDemo.axf" - 0 Errors, 2 Warning(s).
Build target 'RTOSDemo_THUMB'
linking...
Program Size: Code=9832 RO-data=32 RW-data=108 ZI-data=7988  
FromELF: creating hex file...
".\bin\RTOSDemo.axf" - 0 Errors, 0 Warning(s).
