ARM Linker, 5.03 [Build 76] [MDK-ARM Lite]

==============================================================================

Section Cross References

    startup.o(STACK) refers (Special) to heapauxi.o(.text) for __use_two_region_memory
    startup.o(HEAP) refers (Special) to heapauxi.o(.text) for __use_two_region_memory
    startup.o(RESET) refers (Special) to heapauxi.o(.text) for __use_two_region_memory
    startup.o(RESET) refers to portasm.o(PORT_ASM) for vPortYieldProcessor
    startup.o(RESET) refers to startup.o(STACK) for Stack_Top
    startup.o(RESET) refers to __main.o(!!!main) for __main
    startup.o(.text) refers (Special) to heapauxi.o(.text) for __use_two_region_memory
    startup.o(.text) refers to startup.o(HEAP) for Heap_Mem
    startup.o(.text) refers to startup.o(STACK) for Stack_Mem
    main.o(.text) refers to keyboard.o(.text) for eKeyboard_Read
    main.o(.text) refers to led.o(.text) for Led_Off
    main.o(.text) refers to queue.o(.text) for xQueueGenericSend
    main.o(.text) refers to tasks.o(.text) for vTaskDelay
    main.o(.text) refers to watch.o(.text) for sWatch_Read
    main.o(.text) refers to string.o(.text) for AppendString
    main.o(.text) refers to uart.o(.text) for Transmiter_SendString
    main.o(.text) refers to main.o(.data) for xUART_Queue
    led.o(.text) refers to led.o(.data) for uiLightingLed
    uart.o(.text) refers to aeabi_sdiv.o(.text_udiv) for __aeabi_uidivmod
    uart.o(.text) refers to string.o(.text) for CopyString
    uart.o(.text) refers to uart.o(.bss) for sTransmiterBuffer
    uart.o(.text) refers to uart.o(.text) for UART0_Interrupt
    uart.o(.text) refers to uart.o(.text) for Reciever_PutCharacterToBuffer
    uart.o(.text) refers to uart.o(.data) for cOdebranyZnak
    uart.o(.text) refers to uart.o(.bss) for sTransmiterBuffer
    keyboard.o(.text) refers to queue.o(.text) for xQueueGenericSend
    keyboard.o(.text) refers to tasks.o(.text) for vTaskDelay
    keyboard.o(.text) refers to keyboard.o(.data) for xButtonQueue
    servo.o(.text) refers to queue.o(.text) for xQueueReceive
    servo.o(.text) refers to led.o(.text) for Led_StepLeft
    servo.o(.text) refers to tasks.o(.text) for vTaskDelay
    servo.o(.text) refers to servo.o(.data) for xServoQueue
    timer_interrupts.o(.text) refers to timer_interrupts.o(.data) for ptrTimer1InterruptFunction
    timer_interrupts.o(.text) refers to timer_interrupts.o(.data) for ptrTimer1InterruptFunction
    timer_interrupts.o(.text) refers to timer_interrupts.o(.text) for Timer1IRQHandler
    watch.o(.text) refers to queue.o(.text) for xQueueReceive
    watch.o(.text) refers to tasks.o(.text) for vTaskDelay
    watch.o(.text) refers to watch.o(.data) for xWatchQueue
    tasks.o(.text) refers to list.o(.text) for vListInitialise
    tasks.o(.text) refers to port.o(.text) for vPortEnterCritical
    tasks.o(.text) refers to portasm.o(PORT_ASM) for vPortYield
    tasks.o(.text) refers to heap_2.o(.text) for pvPortMalloc
    tasks.o(.text) refers to tasks.o(.bss) for pxReadyTasksLists
    tasks.o(.text) refers to tasks.o(.data) for pxDelayedTaskList
    tasks.o(.text) refers to tasks.o(i.__ARM_common_disable_irq) for __ARM_common_disable_irq
    tasks.o(.text) refers to tasks.o(i.__ARM_common_switch8) for __ARM_common_switch8
    queue.o(.text) refers to port.o(.text) for vPortEnterCritical
    queue.o(.text) refers to tasks.o(.text) for xTaskRemoveFromEventList
    queue.o(.text) refers to portasm.o(PORT_ASM) for vPortYield
    queue.o(.text) refers to list.o(.text) for vListInitialise
    queue.o(.text) refers to heap_2.o(.text) for pvPortMalloc
    queue.o(.text) refers to rt_memcpy.o(.text) for __aeabi_memcpy
    port.o(.text) refers to portasm.o(PORT_ASM) for vPortStartFirstTask
    port.o(.text) refers to tasks.o(i.__ARM_common_disable_irq) for __ARM_common_disable_irq
    port.o(.text) refers to port.o(i.__ARM_common_enable_irq) for __ARM_common_enable_irq
    port.o(.text) refers to port.o(.data) for ulCriticalNesting
    heap_2.o(.text) refers to tasks.o(.text) for vTaskSuspendAll
    heap_2.o(.text) refers to heap_2.o(.bss) for ucHeap
    heap_2.o(.text) refers to heap_2.o(.data) for xStart
    portasm.o(PORT_ASM) refers to tasks.o(.data) for pxCurrentTCB
    portasm.o(PORT_ASM) refers to port.o(.data) for ulCriticalNesting
    portasm.o(PORT_ASM) refers to tasks.o(.text) for vTaskSwitchContext
    rt_memcpy.o(.text) refers to rt_memcpy_w.o(.text) for __aeabi_memcpy4
    aeabi_sdiv.o(.text_udiv) refers to aeabi_sdiv.o(.text) for __arm_div2
    aeabi_sdiv_div0.o(.text_udiv) refers to aeabi_sdiv_div0.o(.text) for __arm_div2
    __main.o(!!!main) refers to rtentry.o(.ARM.Collect$$rtentry$$00000000) for __rt_entry
    rtentry.o(.ARM.Collect$$rtentry$$00000000) refers (Special) to rtentry2.o(.ARM.Collect$$rtentry$$0000000A) for __rt_entry_li
    rtentry.o(.ARM.Collect$$rtentry$$00000000) refers (Special) to rtentry2.o(.ARM.Collect$$rtentry$$0000000D) for __rt_entry_main
    rtentry.o(.ARM.Collect$$rtentry$$00000000) refers (Special) to rtentry2.o(.ARM.Collect$$rtentry$$0000000C) for __rt_entry_postli_1
    rtentry.o(.ARM.Collect$$rtentry$$00000000) refers (Special) to rtentry2.o(.ARM.Collect$$rtentry$$00000009) for __rt_entry_postsh_1
    rtentry.o(.ARM.Collect$$rtentry$$00000000) refers (Special) to rtentry2.o(.ARM.Collect$$rtentry$$00000002) for __rt_entry_presh_1
    rtentry.o(.ARM.Collect$$rtentry$$00000000) refers (Special) to rtentry4.o(.ARM.Collect$$rtentry$$00000004) for __rt_entry_sh
    aeabi_idiv0_sigfpe.o(.text) refers to rt_div0.o(.text) for __rt_div0
    rtentry2.o(.ARM.Collect$$rtentry$$00000008) refers to boardinit2.o(.text) for _platform_post_stackheap_init
    rtentry2.o(.ARM.Collect$$rtentry$$0000000A) refers to libinit.o(.ARM.Collect$$libinit$$00000000) for __rt_lib_init
    rtentry2.o(.ARM.Collect$$rtentry$$0000000B) refers to boardinit3.o(.text) for _platform_post_lib_init
    rtentry2.o(.ARM.Collect$$rtentry$$0000000D) refers to exit.o(.text) for exit
    rtentry2.o(.ARM.Collect$$rtentry$$0000000D) refers to main.o(.text) for main
    rtentry2.o(.ARM.exidx) refers to rtentry2.o(.ARM.Collect$$rtentry$$00000001) for .ARM.Collect$$rtentry$$00000001
    rtentry2.o(.ARM.exidx) refers to rtentry2.o(.ARM.Collect$$rtentry$$00000008) for .ARM.Collect$$rtentry$$00000008
    rtentry2.o(.ARM.exidx) refers to rtentry2.o(.ARM.Collect$$rtentry$$0000000A) for .ARM.Collect$$rtentry$$0000000A
    rtentry2.o(.ARM.exidx) refers to rtentry2.o(.ARM.Collect$$rtentry$$0000000B) for .ARM.Collect$$rtentry$$0000000B
    rtentry2.o(.ARM.exidx) refers to rtentry2.o(.ARM.Collect$$rtentry$$0000000D) for .ARM.Collect$$rtentry$$0000000D
    rtentry4.o(.ARM.Collect$$rtentry$$00000004) refers to sys_stackheap_outer.o(.text) for __user_setup_stackheap
    rtentry4.o(.ARM.exidx) refers to rtentry4.o(.ARM.Collect$$rtentry$$00000004) for .ARM.Collect$$rtentry$$00000004
    rt_div0.o(.text) refers to defsig_fpe_outer.o(.text) for __rt_SIGFPE
    sys_stackheap_outer.o(.text) refers to libspace.o(.text) for __user_perproc_libspace
    sys_stackheap_outer.o(.text) refers to startup.o(.text) for __user_initial_stackheap
    exit.o(.text) refers to rtexit.o(.ARM.Collect$$rtexit$$00000000) for __rt_exit
    defsig_fpe_outer.o(.text) refers to defsig_fpe_inner.o(.text) for __rt_SIGFPE_inner
    defsig_fpe_outer.o(.text) refers to defsig_exit.o(.text) for __sig_exit
    defsig_fpe_formal.o(.text) refers to rt_raise.o(.text) for __rt_raise
    libinit.o(.ARM.Collect$$libinit$$00000000) refers (Special) to libinit2.o(.ARM.Collect$$libinit$$0000002C) for __rt_lib_init_alloca_1
    libinit.o(.ARM.Collect$$libinit$$00000000) refers (Special) to libinit2.o(.ARM.Collect$$libinit$$0000002A) for __rt_lib_init_argv_1
    libinit.o(.ARM.Collect$$libinit$$00000000) refers (Special) to libinit2.o(.ARM.Collect$$libinit$$00000019) for __rt_lib_init_atexit_1
    libinit.o(.ARM.Collect$$libinit$$00000000) refers (Special) to libinit2.o(.ARM.Collect$$libinit$$0000001F) for __rt_lib_init_clock_1
    libinit.o(.ARM.Collect$$libinit$$00000000) refers (Special) to libinit2.o(.ARM.Collect$$libinit$$00000030) for __rt_lib_init_cpp_1
    libinit.o(.ARM.Collect$$libinit$$00000000) refers (Special) to libinit2.o(.ARM.Collect$$libinit$$0000002E) for __rt_lib_init_exceptions_1
    libinit.o(.ARM.Collect$$libinit$$00000000) refers (Special) to libinit2.o(.ARM.Collect$$libinit$$00000002) for __rt_lib_init_fp_1
    libinit.o(.ARM.Collect$$libinit$$00000000) refers (Special) to libinit2.o(.ARM.Collect$$libinit$$0000001D) for __rt_lib_init_fp_trap_1
    libinit.o(.ARM.Collect$$libinit$$00000000) refers (Special) to libinit2.o(.ARM.Collect$$libinit$$00000021) for __rt_lib_init_getenv_1
    libinit.o(.ARM.Collect$$libinit$$00000000) refers (Special) to libinit2.o(.ARM.Collect$$libinit$$00000008) for __rt_lib_init_heap_1
    libinit.o(.ARM.Collect$$libinit$$00000000) refers (Special) to libinit2.o(.ARM.Collect$$libinit$$0000000F) for __rt_lib_init_lc_collate_1
    libinit.o(.ARM.Collect$$libinit$$00000000) refers (Special) to libinit2.o(.ARM.Collect$$libinit$$00000011) for __rt_lib_init_lc_ctype_1
    libinit.o(.ARM.Collect$$libinit$$00000000) refers (Special) to libinit2.o(.ARM.Collect$$libinit$$00000013) for __rt_lib_init_lc_monetary_1
    libinit.o(.ARM.Collect$$libinit$$00000000) refers (Special) to libinit2.o(.ARM.Collect$$libinit$$00000015) for __rt_lib_init_lc_numeric_1
    libinit.o(.ARM.Collect$$libinit$$00000000) refers (Special) to libinit2.o(.ARM.Collect$$libinit$$00000017) for __rt_lib_init_lc_time_1
    libinit.o(.ARM.Collect$$libinit$$00000000) refers (Special) to libinit2.o(.ARM.Collect$$libinit$$0000000C) for __rt_lib_init_rand_1
    libinit.o(.ARM.Collect$$libinit$$00000000) refers (Special) to libinit2.o(.ARM.Collect$$libinit$$00000031) for __rt_lib_init_return
    libinit.o(.ARM.Collect$$libinit$$00000000) refers (Special) to libinit2.o(.ARM.Collect$$libinit$$0000001B) for __rt_lib_init_signal_1
    libinit.o(.ARM.Collect$$libinit$$00000000) refers (Special) to libinit2.o(.ARM.Collect$$libinit$$00000023) for __rt_lib_init_stdio_1
    libinit.o(.ARM.Collect$$libinit$$00000000) refers (Special) to libinit2.o(.ARM.Collect$$libinit$$0000000A) for __rt_lib_init_user_alloc_1
    libspace.o(.text) refers to libspace.o(.bss) for __libspace_start
    rtexit.o(.ARM.Collect$$rtexit$$00000000) refers (Special) to rtexit2.o(.ARM.Collect$$rtexit$$00000004) for __rt_exit_exit
    rtexit.o(.ARM.Collect$$rtexit$$00000000) refers (Special) to rtexit2.o(.ARM.Collect$$rtexit$$00000003) for __rt_exit_ls
    rtexit.o(.ARM.Collect$$rtexit$$00000000) refers (Special) to rtexit2.o(.ARM.Collect$$rtexit$$00000002) for __rt_exit_prels_1
    rtexit.o(.ARM.exidx) refers (Special) to rtexit2.o(.ARM.Collect$$rtexit$$00000004) for __rt_exit_exit
    rtexit.o(.ARM.exidx) refers (Special) to rtexit2.o(.ARM.Collect$$rtexit$$00000003) for __rt_exit_ls
    rtexit.o(.ARM.exidx) refers (Special) to rtexit2.o(.ARM.Collect$$rtexit$$00000002) for __rt_exit_prels_1
    rtexit.o(.ARM.exidx) refers to rtexit.o(.ARM.Collect$$rtexit$$00000000) for .ARM.Collect$$rtexit$$00000000
    rt_raise.o(.text) refers to __raise.o(.text) for __raise
    rt_raise.o(.text) refers to sys_exit.o(.text) for _sys_exit
    defsig_exit.o(.text) refers to sys_exit.o(.text) for _sys_exit
    defsig_fpe_inner.o(.text) refers to defsig_general.o(.text) for __default_signal_display
    libinit2.o(.ARM.Collect$$libinit$$00000001) refers to fpinit.o(x$fpl$fpinit) for _fp_init
    libinit2.o(.ARM.Collect$$libinit$$0000000E) refers to libinit2.o(.ARM.Collect$$libinit$$0000000D) for .ARM.Collect$$libinit$$0000000D
    libinit2.o(.ARM.Collect$$libinit$$00000010) refers to libinit2.o(.ARM.Collect$$libinit$$0000000D) for .ARM.Collect$$libinit$$0000000D
    libinit2.o(.ARM.Collect$$libinit$$00000012) refers to libinit2.o(.ARM.Collect$$libinit$$0000000D) for .ARM.Collect$$libinit$$0000000D
    libinit2.o(.ARM.Collect$$libinit$$00000014) refers to libinit2.o(.ARM.Collect$$libinit$$0000000D) for .ARM.Collect$$libinit$$0000000D
    libinit2.o(.ARM.Collect$$libinit$$00000016) refers to libinit2.o(.ARM.Collect$$libinit$$0000000D) for .ARM.Collect$$libinit$$0000000D
    libinit2.o(.ARM.Collect$$libinit$$00000024) refers to argv_veneer.o(.emb_text) for __ARM_argv_veneer
    libinit2.o(.ARM.Collect$$libinit$$00000025) refers to argv_veneer.o(.emb_text) for __ARM_argv_veneer
    sys_exit.o(.text) refers (Special) to use_no_semi.o(.text) for __I$use$semihosting
    sys_exit.o(.text) refers (Special) to indicate_semi.o(.text) for __semihosting_library_function
    rtexit2.o(.ARM.Collect$$rtexit$$00000003) refers to libshutdown.o(.ARM.Collect$$libshutdown$$00000000) for __rt_lib_shutdown
    rtexit2.o(.ARM.Collect$$rtexit$$00000004) refers to sys_exit.o(.text) for _sys_exit
    rtexit2.o(.ARM.exidx) refers to rtexit2.o(.ARM.Collect$$rtexit$$00000001) for .ARM.Collect$$rtexit$$00000001
    rtexit2.o(.ARM.exidx) refers to rtexit2.o(.ARM.Collect$$rtexit$$00000003) for .ARM.Collect$$rtexit$$00000003
    rtexit2.o(.ARM.exidx) refers to rtexit2.o(.ARM.Collect$$rtexit$$00000004) for .ARM.Collect$$rtexit$$00000004
    __raise.o(.text) refers to __raise.o(i.__ARM_common_call_via_r2) for __ARM_common_call_via_r2
    __raise.o(.text) refers to defsig.o(CL$$defsig) for __default_signal_handler
    defsig_general.o(.text) refers to sys_wrch.o(.text) for _ttywrch
    argv_veneer.o(.emb_text) refers to no_argv.o(.text) for __ARM_get_argv
    sys_wrch.o(.text) refers (Special) to use_no_semi.o(.text) for __I$use$semihosting
    sys_wrch.o(.text) refers (Special) to indicate_semi.o(.text) for __semihosting_library_function
    defsig.o(CL$$defsig) refers to defsig_fpe_inner.o(.text) for __rt_SIGFPE_inner
    defsig.o(CL$$defsig) refers to defsig_rtmem_inner.o(.text) for __rt_SIGRTMEM_inner
    _get_argv_nomalloc.o(.text) refers (Special) to hrguard.o(.text) for __heap_region$guard
    _get_argv_nomalloc.o(.text) refers to defsig_rtmem_outer.o(.text) for __rt_SIGRTMEM
    _get_argv_nomalloc.o(.text) refers to sys_command.o(.text) for _sys_command_string
    libshutdown.o(.ARM.Collect$$libshutdown$$00000000) refers (Special) to libshutdown2.o(.ARM.Collect$$libshutdown$$00000006) for __rt_lib_shutdown_fp_trap_1
    libshutdown.o(.ARM.Collect$$libshutdown$$00000000) refers (Special) to libshutdown2.o(.ARM.Collect$$libshutdown$$0000000E) for __rt_lib_shutdown_heap_1
    libshutdown.o(.ARM.Collect$$libshutdown$$00000000) refers (Special) to libshutdown2.o(.ARM.Collect$$libshutdown$$0000000F) for __rt_lib_shutdown_return
    libshutdown.o(.ARM.Collect$$libshutdown$$00000000) refers (Special) to libshutdown2.o(.ARM.Collect$$libshutdown$$00000009) for __rt_lib_shutdown_signal_1
    libshutdown.o(.ARM.Collect$$libshutdown$$00000000) refers (Special) to libshutdown2.o(.ARM.Collect$$libshutdown$$00000003) for __rt_lib_shutdown_stdio_1
    libshutdown.o(.ARM.Collect$$libshutdown$$00000000) refers (Special) to libshutdown2.o(.ARM.Collect$$libshutdown$$0000000B) for __rt_lib_shutdown_user_alloc_1
    sys_command.o(.text) refers (Special) to use_no_semi.o(.text) for __I$use$semihosting
    sys_command.o(.text) refers (Special) to indicate_semi.o(.text) for __semihosting_library_function
    defsig_abrt_inner.o(.text) refers to defsig_general.o(.text) for __default_signal_display
    defsig_rtred_inner.o(.text) refers to defsig_general.o(.text) for __default_signal_display
    defsig_rtmem_inner.o(.text) refers to defsig_general.o(.text) for __default_signal_display
    defsig_rtmem_outer.o(.text) refers to defsig_rtmem_inner.o(.text) for __rt_SIGRTMEM_inner
    defsig_rtmem_outer.o(.text) refers to defsig_exit.o(.text) for __sig_exit
    defsig_rtmem_formal.o(.text) refers to rt_raise.o(.text) for __rt_raise
    defsig_stak_inner.o(.text) refers to defsig_general.o(.text) for __default_signal_display
    defsig_pvfn_inner.o(.text) refers to defsig_general.o(.text) for __default_signal_display
    defsig_cppl_inner.o(.text) refers to defsig_general.o(.text) for __default_signal_display
    defsig_segv_inner.o(.text) refers to defsig_general.o(.text) for __default_signal_display
    defsig_other.o(.text) refers to defsig_general.o(.text) for __default_signal_display


==============================================================================

Removing Unused input sections from the image.

    Removing servo.o(.text), (416 bytes).
    Removing servo.o(.data), (4 bytes).
    Removing timer_interrupts.o(.text), (112 bytes).
    Removing timer_interrupts.o(.text), (164 bytes).
    Removing timer_interrupts.o(.data), (8 bytes).

5 unused section(s) (total 704 bytes) removed from the image.

==============================================================================

Adding Veneers to the image

    Adding AT veneer (8 bytes, Inline) for call to '__rt_lib_init' from rtentry2.o(.ARM.Collect$$rtentry$$0000000A).
    Adding AT veneer (8 bytes, Inline) for call to '__rt_lib_shutdown' from rtexit2.o(.ARM.Collect$$rtexit$$00000003).
    Adding TA veneer (4 bytes, Inline) for call to '__rt_exit' from exit.o(.text).
    Adding AT veneer (8 bytes, Inline) for call to 'Reciever_PutCharacterToBuffer' from uart.o(.text).
    Adding TA veneer (4 bytes, Inline) for call to '__aeabi_memcpy' from queue.o(.text).
    Adding AT veneer (8 bytes, Inline) for call to '_sys_exit' from rtexit2.o(.ARM.Collect$$rtexit$$00000004).
    Adding TA veneer (4 bytes, Inline) for call to '__aeabi_uidivmod' from uart.o(.text).
    Adding TA veneer (4 bytes, Inline) for call to 'vPortStartFirstTask' from port.o(.text).
    Adding AT veneer (12 bytes, Long) for call to 'Transmiter_GetCharacterFromBuffer' from uart.o(.text).
    Adding TA veneer (8 bytes, Short) for call to 'vPortYield' from tasks.o(.text).
    Adding TA veneer (4 bytes, Inline) for call to '__ARM_common_disable_irq' from tasks.o(.text).
    Adding TA veneer (4 bytes, Inline) for call to '__ARM_common_enable_irq' from port.o(.text).
    Adding TA veneer (4 bytes, Inline) for call to '__ARM_common_switch8' from tasks.o(.text).

13 Veneer(s) (total 80 bytes) added to the image.

==============================================================================

Image Symbol Table

    Local Symbols

    Symbol Name                              Value     Ov Type        Size  Object(Section)

    RESET                                    0x00000000   Section      260  startup.o(RESET)
    ../clib/angel/boardlib.s                 0x00000000   Number         0  boardshut.o ABSOLUTE
    ../clib/angel/boardlib.s                 0x00000000   Number         0  boardinit1.o ABSOLUTE
    ../clib/angel/boardlib.s                 0x00000000   Number         0  boardinit3.o ABSOLUTE
    ../clib/angel/boardlib.s                 0x00000000   Number         0  boardinit2.o ABSOLUTE
    ../clib/angel/handlers.s                 0x00000000   Number         0  __scatter_copy.o ABSOLUTE
    ../clib/angel/handlers.s                 0x00000000   Number         0  __scatter_zi.o ABSOLUTE
    ../clib/angel/kernel.s                   0x00000000   Number         0  rtexit2.o ABSOLUTE
    ../clib/angel/kernel.s                   0x00000000   Number         0  rtentry2.o ABSOLUTE
    ../clib/angel/kernel.s                   0x00000000   Number         0  rtexit.o ABSOLUTE
    ../clib/angel/kernel.s                   0x00000000   Number         0  rtentry.o ABSOLUTE
    ../clib/angel/kernel.s                   0x00000000   Number         0  rtentry4.o ABSOLUTE
    ../clib/angel/rt.s                       0x00000000   Number         0  aeabi_idiv0_sigfpe.o ABSOLUTE
    ../clib/angel/rt.s                       0x00000000   Number         0  rt_raise.o ABSOLUTE
    ../clib/angel/rt.s                       0x00000000   Number         0  rt_div0.o ABSOLUTE
    ../clib/angel/rt.s                       0x00000000   Number         0  aeabi_idiv0.o ABSOLUTE
    ../clib/angel/scatter.s                  0x00000000   Number         0  __scatter.o ABSOLUTE
    ../clib/angel/startup.s                  0x00000000   Number         0  __main.o ABSOLUTE
    ../clib/angel/sys.s                      0x00000000   Number         0  use_no_semi.o ABSOLUTE
    ../clib/angel/sys.s                      0x00000000   Number         0  indicate_semi.o ABSOLUTE
    ../clib/angel/sys.s                      0x00000000   Number         0  libspace.o ABSOLUTE
    ../clib/angel/sys.s                      0x00000000   Number         0  sys_stackheap_outer.o ABSOLUTE
    ../clib/angel/sysapp.c                   0x00000000   Number         0  sys_wrch.o ABSOLUTE
    ../clib/angel/sysapp.c                   0x00000000   Number         0  sys_exit.o ABSOLUTE
    ../clib/angel/sysapp.c                   0x00000000   Number         0  sys_command.o ABSOLUTE
    ../clib/armsys.c                         0x00000000   Number         0  argv_veneer.o ABSOLUTE
    ../clib/armsys.c                         0x00000000   Number         0  argv_veneer.o ABSOLUTE
    ../clib/armsys.c                         0x00000000   Number         0  no_argv.o ABSOLUTE
    ../clib/armsys.c                         0x00000000   Number         0  _get_argv_nomalloc.o ABSOLUTE
    ../clib/division.s                       0x00000000   Number         0  aeabi_sdiv_div0.o ABSOLUTE
    ../clib/division.s                       0x00000000   Number         0  aeabi_sdiv.o ABSOLUTE
    ../clib/divrt.s                          0x00000000   Number         0  divrt_7tdmi.o ABSOLUTE
    ../clib/divrt.s                          0x00000000   Number         0  divrt_7tdmi_div0.o ABSOLUTE
    ../clib/heapalloc.c                      0x00000000   Number         0  hrguard.o ABSOLUTE
    ../clib/heapaux.c                        0x00000000   Number         0  heapauxi.o ABSOLUTE
    ../clib/libinit.s                        0x00000000   Number         0  libinit.o ABSOLUTE
    ../clib/libinit.s                        0x00000000   Number         0  libshutdown2.o ABSOLUTE
    ../clib/libinit.s                        0x00000000   Number         0  libshutdown.o ABSOLUTE
    ../clib/libinit.s                        0x00000000   Number         0  libinit2.o ABSOLUTE
    ../clib/memcpset.s                       0x00000000   Number         0  rt_memcpy.o ABSOLUTE
    ../clib/memcpset.s                       0x00000000   Number         0  rt_memcpy_w.o ABSOLUTE
    ../clib/signal.c                         0x00000000   Number         0  defsig_cppl_inner.o ABSOLUTE
    ../clib/signal.c                         0x00000000   Number         0  defsig_general.o ABSOLUTE
    ../clib/signal.c                         0x00000000   Number         0  defsig_rtred_inner.o ABSOLUTE
    ../clib/signal.c                         0x00000000   Number         0  defsig_rtmem_inner.o ABSOLUTE
    ../clib/signal.c                         0x00000000   Number         0  defsig_rtmem_outer.o ABSOLUTE
    ../clib/signal.c                         0x00000000   Number         0  defsig_fpe_outer.o ABSOLUTE
    ../clib/signal.c                         0x00000000   Number         0  defsig_fpe_formal.o ABSOLUTE
    ../clib/signal.c                         0x00000000   Number         0  defsig_rtmem_formal.o ABSOLUTE
    ../clib/signal.c                         0x00000000   Number         0  defsig_stak_inner.o ABSOLUTE
    ../clib/signal.c                         0x00000000   Number         0  defsig_other.o ABSOLUTE
    ../clib/signal.c                         0x00000000   Number         0  defsig_segv_inner.o ABSOLUTE
    ../clib/signal.c                         0x00000000   Number         0  defsig_abrt_inner.o ABSOLUTE
    ../clib/signal.c                         0x00000000   Number         0  defsig_pvfn_inner.o ABSOLUTE
    ../clib/signal.c                         0x00000000   Number         0  defsig_exit.o ABSOLUTE
    ../clib/signal.c                         0x00000000   Number         0  defsig_fpe_inner.o ABSOLUTE
    ../clib/signal.c                         0x00000000   Number         0  __raise.o ABSOLUTE
    ../clib/signal.s                         0x00000000   Number         0  defsig.o ABSOLUTE
    ../clib/stdlib.c                         0x00000000   Number         0  exit.o ABSOLUTE
    ../fplib/fpinit.s                        0x00000000   Number         0  fpinit.o ABSOLUTE
    ..\..\Source\list.c                      0x00000000   Number         0  list.o ABSOLUTE
    ..\..\Source\portable\MemMang\heap_2.c   0x00000000   Number         0  heap_2.o ABSOLUTE
    ..\..\Source\portable\RVDS\ARM7_LPC21xx\port.c 0x00000000   Number         0  port.o ABSOLUTE
    ..\..\Source\portable\RVDS\ARM7_LPC21xx\portASM.s 0x00000000   Number         0  portasm.o ABSOLUTE
    ..\..\Source\queue.c                     0x00000000   Number         0  queue.o ABSOLUTE
    ..\..\Source\tasks.c                     0x00000000   Number         0  tasks.o ABSOLUTE
    Startup.s                                0x00000000   Number         0  startup.o ABSOLUTE
    dc.s                                     0x00000000   Number         0  dc.o ABSOLUTE
    keyboard.c                               0x00000000   Number         0  keyboard.o ABSOLUTE
    led.c                                    0x00000000   Number         0  led.o ABSOLUTE
    main.c                                   0x00000000   Number         0  main.o ABSOLUTE
    servo.c                                  0x00000000   Number         0  servo.o ABSOLUTE
    string.c                                 0x00000000   Number         0  string.o ABSOLUTE
    timer_interrupts.c                       0x00000000   Number         0  timer_interrupts.o ABSOLUTE
    uart.c                                   0x00000000   Number         0  uart.o ABSOLUTE
    watch.c                                  0x00000000   Number         0  watch.o ABSOLUTE
    Undef_Handler                            0x00000040   ARM Code       4  startup.o(RESET)
    PAbt_Handler                             0x00000048   ARM Code       4  startup.o(RESET)
    DAbt_Handler                             0x0000004c   ARM Code       4  startup.o(RESET)
    IRQ_Handler                              0x00000050   ARM Code       4  startup.o(RESET)
    FIQ_Handler                              0x00000054   ARM Code       4  startup.o(RESET)
    !!!main                                  0x00000104   Section        8  __main.o(!!!main)
    !!!scatter                               0x0000010c   Section       60  __scatter.o(!!!scatter)
    !!handler_copy                           0x00000148   Section       40  __scatter_copy.o(!!handler_copy)
    !!handler_zi                             0x00000170   Section       44  __scatter_zi.o(!!handler_zi)
    .ARM.Collect$$libinit$$00000000          0x000001a4   Section        2  libinit.o(.ARM.Collect$$libinit$$00000000)
    .ARM.Collect$$libinit$$00000002          0x000001a6   Section        0  libinit2.o(.ARM.Collect$$libinit$$00000002)
    .ARM.Collect$$libinit$$00000008          0x000001a6   Section        0  libinit2.o(.ARM.Collect$$libinit$$00000008)
    .ARM.Collect$$libinit$$0000000A          0x000001a6   Section        0  libinit2.o(.ARM.Collect$$libinit$$0000000A)
    .ARM.Collect$$libinit$$0000000C          0x000001a6   Section        0  libinit2.o(.ARM.Collect$$libinit$$0000000C)
    .ARM.Collect$$libinit$$0000000F          0x000001a6   Section        0  libinit2.o(.ARM.Collect$$libinit$$0000000F)
    .ARM.Collect$$libinit$$00000011          0x000001a6   Section        0  libinit2.o(.ARM.Collect$$libinit$$00000011)
    .ARM.Collect$$libinit$$00000013          0x000001a6   Section        0  libinit2.o(.ARM.Collect$$libinit$$00000013)
    .ARM.Collect$$libinit$$00000015          0x000001a6   Section        0  libinit2.o(.ARM.Collect$$libinit$$00000015)
    .ARM.Collect$$libinit$$00000017          0x000001a6   Section        0  libinit2.o(.ARM.Collect$$libinit$$00000017)
    .ARM.Collect$$libinit$$00000019          0x000001a6   Section        0  libinit2.o(.ARM.Collect$$libinit$$00000019)
    .ARM.Collect$$libinit$$0000001B          0x000001a6   Section        0  libinit2.o(.ARM.Collect$$libinit$$0000001B)
    .ARM.Collect$$libinit$$0000001D          0x000001a6   Section        0  libinit2.o(.ARM.Collect$$libinit$$0000001D)
    .ARM.Collect$$libinit$$0000001F          0x000001a6   Section        0  libinit2.o(.ARM.Collect$$libinit$$0000001F)
    .ARM.Collect$$libinit$$00000021          0x000001a6   Section        0  libinit2.o(.ARM.Collect$$libinit$$00000021)
    .ARM.Collect$$libinit$$00000023          0x000001a6   Section        0  libinit2.o(.ARM.Collect$$libinit$$00000023)
    .ARM.Collect$$libinit$$0000002A          0x000001a6   Section        0  libinit2.o(.ARM.Collect$$libinit$$0000002A)
    .ARM.Collect$$libinit$$0000002C          0x000001a6   Section        0  libinit2.o(.ARM.Collect$$libinit$$0000002C)
    .ARM.Collect$$libinit$$0000002E          0x000001a6   Section        0  libinit2.o(.ARM.Collect$$libinit$$0000002E)
    .ARM.Collect$$libinit$$00000030          0x000001a6   Section        0  libinit2.o(.ARM.Collect$$libinit$$00000030)
    .ARM.Collect$$libinit$$00000031          0x000001a6   Section       12  libinit2.o(.ARM.Collect$$libinit$$00000031)
    .ARM.Collect$$libshutdown$$00000000      0x000001bc   Section        4  libshutdown.o(.ARM.Collect$$libshutdown$$00000000)
    .ARM.Collect$$libshutdown$$00000003      0x000001c0   Section        0  libshutdown2.o(.ARM.Collect$$libshutdown$$00000003)
    .ARM.Collect$$libshutdown$$00000006      0x000001c0   Section        0  libshutdown2.o(.ARM.Collect$$libshutdown$$00000006)
    .ARM.Collect$$libshutdown$$00000009      0x000001c0   Section        0  libshutdown2.o(.ARM.Collect$$libshutdown$$00000009)
    .ARM.Collect$$libshutdown$$0000000B      0x000001c0   Section        0  libshutdown2.o(.ARM.Collect$$libshutdown$$0000000B)
    .ARM.Collect$$libshutdown$$0000000E      0x000001c0   Section        0  libshutdown2.o(.ARM.Collect$$libshutdown$$0000000E)
    .ARM.Collect$$libshutdown$$0000000F      0x000001c0   Section        6  libshutdown2.o(.ARM.Collect$$libshutdown$$0000000F)
    .ARM.Collect$$rtentry$$00000000          0x000001c8   Section        0  rtentry.o(.ARM.Collect$$rtentry$$00000000)
    .ARM.Collect$$rtentry$$00000002          0x000001c8   Section        0  rtentry2.o(.ARM.Collect$$rtentry$$00000002)
    .ARM.Collect$$rtentry$$00000004          0x000001c8   Section        8  rtentry4.o(.ARM.Collect$$rtentry$$00000004)
    .ARM.Collect$$rtentry$$00000009          0x000001d0   Section        0  rtentry2.o(.ARM.Collect$$rtentry$$00000009)
    .ARM.Collect$$rtentry$$0000000A          0x000001d0   Section        4  rtentry2.o(.ARM.Collect$$rtentry$$0000000A)
    .ARM.Collect$$rtentry$$0000000C          0x000001d4   Section        0  rtentry2.o(.ARM.Collect$$rtentry$$0000000C)
    .ARM.Collect$$rtentry$$0000000D          0x000001d4   Section       40  rtentry2.o(.ARM.Collect$$rtentry$$0000000D)
    .ARM.Collect$$rtexit$$00000000           0x00000200   Section        4  rtexit.o(.ARM.Collect$$rtexit$$00000000)
    .ARM.Collect$$rtexit$$00000002           0x00000204   Section        0  rtexit2.o(.ARM.Collect$$rtexit$$00000002)
    .ARM.Collect$$rtexit$$00000003           0x00000204   Section        4  rtexit2.o(.ARM.Collect$$rtexit$$00000003)
    .ARM.Collect$$rtexit$$00000004           0x00000208   Section        8  rtexit2.o(.ARM.Collect$$rtexit$$00000004)
    .text                                    0x00000210   Section       32  startup.o(.text)
    .text                                    0x00000230   Section        0  main.o(.text)
    .text                                    0x00000400   Section        0  led.o(.text)
    .text                                    0x000004d8   Section        0  string.o(.text)
    .text                                    0x00000654   Section        0  uart.o(.text)
    .text                                    0x00000794   Section        0  uart.o(.text)
    .text                                    0x0000080c   Section        0  keyboard.o(.text)
    .text                                    0x000008dc   Section        0  watch.o(.text)
    .text                                    0x000009ac   Section        0  tasks.o(.text)
    prvInitialiseTaskLists                   0x000009ad   Thumb Code    72  tasks.o(.text)
    prvAddNewTaskToReadyList                 0x000009f5   Thumb Code   144  tasks.o(.text)
    prvInitialiseNewTask                     0x00000a85   Thumb Code   136  tasks.o(.text)
    prvResetNextTaskUnblockTime              0x00000b6d   Thumb Code    46  tasks.o(.text)
    prvDeleteTCB                             0x00000b9b   Thumb Code    22  tasks.o(.text)
    prvAddCurrentTaskToDelayedList           0x00000e3d   Thumb Code   102  tasks.o(.text)
    prvTaskIsTaskSuspended                   0x0000111f   Thumb Code    66  tasks.o(.text)
    prvCheckTasksWaitingTermination          0x0000125f   Thumb Code    64  tasks.o(.text)
    prvIdleTask                              0x0000129f   Thumb Code    20  tasks.o(.text)
    .text                                    0x00001864   Section        0  list.o(.text)
    .text                                    0x000018fa   Section        0  queue.o(.text)
    prvInitialiseNewQueue                    0x00001977   Thumb Code    38  queue.o(.text)
    prvUnlockQueue                           0x000019dd   Thumb Code   150  queue.o(.text)
    prvIsQueueFull                           0x00001a73   Thumb Code    34  queue.o(.text)
    prvCopyDataToQueue                       0x00001a95   Thumb Code   112  queue.o(.text)
    prvIsQueueEmpty                          0x00001cdb   Thumb Code    32  queue.o(.text)
    prvCopyDataFromQueue                     0x00001cfb   Thumb Code    48  queue.o(.text)
    .text                                    0x000020e4   Section        0  port.o(.text)
    prvSetupTimerInterrupt                   0x00002163   Thumb Code    60  port.o(.text)
    .text                                    0x0000223c   Section        0  heap_2.o(.text)
    prvHeapInit                              0x0000223d   Thumb Code    38  heap_2.o(.text)
    .text                                    0x0000236c   Section      212  rt_memcpy.o(.text)
    .text                                    0x00002440   Section      384  aeabi_sdiv.o(.text)
    __arm_div8                               0x0000246c   ARM Code       0  aeabi_sdiv.o(.text)
    __arm_div5                               0x00002490   ARM Code       0  aeabi_sdiv.o(.text)
    __arm_div2                               0x000024b4   ARM Code       0  aeabi_sdiv.o(.text)
    __arm_div_large                          0x000024f0   ARM Code       0  aeabi_sdiv.o(.text)
    .text                                    0x000025c0   Section        0  heapauxi.o(.text)
    .text                                    0x000025c8   Section      100  rt_memcpy_w.o(.text)
    .text                                    0x0000262c   Section       96  sys_stackheap_outer.o(.text)
    .text                                    0x0000268c   Section        0  exit.o(.text)
    .text                                    0x00002698   Section       12  libspace.o(.text)
    .text                                    0x000026ac   Section        0  sys_exit.o(.text)
    .text                                    0x000026b8   Section        4  use_no_semi.o(.text)
    .text                                    0x000026bc   Section        0  indicate_semi.o(.text)
    .text_udiv                               0x000026c0   Section       36  aeabi_sdiv.o(.text_udiv)
    PORT_ASM                                 0x000026e8   Section      396  portasm.o(PORT_ASM)
    i.__ARM_common_disable_irq               0x0000288c   Section        0  tasks.o(i.__ARM_common_disable_irq)
    i.__ARM_common_enable_irq                0x000028a4   Section        0  port.o(i.__ARM_common_enable_irq)
    i.__ARM_common_switch8                   0x000028b8   Section        0  tasks.o(i.__ARM_common_switch8)
    .data                                    0x40000000   Section        4  main.o(.data)
    .data                                    0x40000004   Section        4  led.o(.data)
    uiLightingLed                            0x40000004   Data           4  led.o(.data)
    .data                                    0x40000008   Section        1  uart.o(.data)
    .data                                    0x4000000c   Section        4  keyboard.o(.data)
    .data                                    0x40000010   Section        4  watch.o(.data)
    .data                                    0x40000014   Section       60  tasks.o(.data)
    uxDeletedTasksWaitingCleanUp             0x40000018   Data           4  tasks.o(.data)
    uxCurrentNumberOfTasks                   0x4000001c   Data           4  tasks.o(.data)
    xTickCount                               0x40000020   Data           4  tasks.o(.data)
    uxTopReadyPriority                       0x40000024   Data           4  tasks.o(.data)
    xSchedulerRunning                        0x40000028   Data           4  tasks.o(.data)
    uxPendedTicks                            0x4000002c   Data           4  tasks.o(.data)
    xYieldPending                            0x40000030   Data           4  tasks.o(.data)
    xNumOfOverflows                          0x40000034   Data           4  tasks.o(.data)
    uxTaskNumber                             0x40000038   Data           4  tasks.o(.data)
    xNextTaskUnblockTime                     0x4000003c   Data           4  tasks.o(.data)
    xIdleTaskHandle                          0x40000040   Data           4  tasks.o(.data)
    uxSchedulerSuspended                     0x40000044   Data           4  tasks.o(.data)
    pxDelayedTaskList                        0x40000048   Data           4  tasks.o(.data)
    pxOverflowDelayedTaskList                0x4000004c   Data           4  tasks.o(.data)
    .data                                    0x40000050   Section        4  port.o(.data)
    .data                                    0x40000054   Section       24  heap_2.o(.data)
    xFreeBytesRemaining                      0x40000054   Data           4  heap_2.o(.data)
    xHeapHasBeenInitialised                  0x40000058   Data           4  heap_2.o(.data)
    xStart                                   0x4000005c   Data           8  heap_2.o(.data)
    xEnd                                     0x40000064   Data           8  heap_2.o(.data)
    .bss                                     0x4000006c   Section       45  uart.o(.bss)
    .bss                                     0x4000009c   Section      180  tasks.o(.bss)
    pxReadyTasksLists                        0x4000009c   Data          80  tasks.o(.bss)
    xDelayedTaskList1                        0x400000ec   Data          20  tasks.o(.bss)
    xDelayedTaskList2                        0x40000100   Data          20  tasks.o(.bss)
    xPendingReadyList                        0x40000114   Data          20  tasks.o(.bss)
    xTasksWaitingTermination                 0x40000128   Data          20  tasks.o(.bss)
    xSuspendedTaskList                       0x4000013c   Data          20  tasks.o(.bss)
    .bss                                     0x40000150   Section     6144  heap_2.o(.bss)
    ucHeap                                   0x40000150   Data        6144  heap_2.o(.bss)
    .bss                                     0x40001950   Section       96  libspace.o(.bss)
    HEAP                                     0x400019b0   Section        0  startup.o(HEAP)
    STACK                                    0x400019b0   Section     1568  startup.o(STACK)
    Heap_Mem                                 0x400019b0   Data           0  startup.o(HEAP)
    Stack_Mem                                0x400019b0   Data        1568  startup.o(STACK)
    Stack_Top                                0x40001fd0   Data           0  startup.o(STACK)

    Global Symbols

    Symbol Name                              Value     Ov Type        Size  Object(Section)

    BuildAttributes$$THM_ISAv1$ARM_ISAv4$S$PE$A:L22$X:L11$S22$IEEE1$IW$USESV6$~STKCKD$USESV7$~SHL$OSPACE$ROPI$EBA8$UX$STANDARDLIB$REQ8$PRES8$EABIv2 0x00000000   Number         0  anon$$obj.o ABSOLUTE
    __ARM_use_no_argv                        0x00000000   Number         0  main.o ABSOLUTE
    __ARM_exceptions_init                     - Undefined Weak Reference
    __alloca_initialize                       - Undefined Weak Reference
    __cpp_initialize__aeabi_                  - Undefined Weak Reference
    __cxa_finalize                            - Undefined Weak Reference
    __rt_locale                               - Undefined Weak Reference
    __sigvec_lookup                           - Undefined Weak Reference
    _atexit_init                              - Undefined Weak Reference
    _call_atexit_fns                          - Undefined Weak Reference
    _clock_init                               - Undefined Weak Reference
    _fp_trap_init                             - Undefined Weak Reference
    _fp_trap_shutdown                         - Undefined Weak Reference
    _get_lc_collate                           - Undefined Weak Reference
    _get_lc_ctype                             - Undefined Weak Reference
    _get_lc_monetary                          - Undefined Weak Reference
    _get_lc_numeric                           - Undefined Weak Reference
    _get_lc_time                              - Undefined Weak Reference
    _getenv_init                              - Undefined Weak Reference
    _handle_redirection                       - Undefined Weak Reference
    _init_alloc                               - Undefined Weak Reference
    _init_user_alloc                          - Undefined Weak Reference
    _initio                                   - Undefined Weak Reference
    _rand_init                                - Undefined Weak Reference
    _signal_finish                            - Undefined Weak Reference
    _signal_init                              - Undefined Weak Reference
    _terminate_alloc                          - Undefined Weak Reference
    _terminate_user_alloc                     - Undefined Weak Reference
    _terminateio                              - Undefined Weak Reference
    Reset_Handler                            0x00000058   ARM Code       0  startup.o(RESET)
    __main                                   0x00000104   ARM Code       8  __main.o(!!!main)
    __scatterload                            0x0000010c   ARM Code       0  __scatter.o(!!!scatter)
    __scatterload_rt2                        0x0000010c   ARM Code      52  __scatter.o(!!!scatter)
    __scatterload_null                       0x00000120   ARM Code       0  __scatter.o(!!!scatter)
    __scatterload_copy                       0x00000148   ARM Code      40  __scatter_copy.o(!!handler_copy)
    __scatterload_zeroinit                   0x00000170   ARM Code      44  __scatter_zi.o(!!handler_zi)
    Inline ARM to Thumb Veneer to __rt_lib_init 0x0000019c   ARM Code       8  libinit.o(.ARM.Collect$$libinit$$00000000)
    __rt_lib_init                            0x000001a5   Thumb Code     0  libinit.o(.ARM.Collect$$libinit$$00000000)
    __rt_lib_init_alloca_1                   0x000001a7   Thumb Code     0  libinit2.o(.ARM.Collect$$libinit$$0000002C)
    __rt_lib_init_argv_1                     0x000001a7   Thumb Code     0  libinit2.o(.ARM.Collect$$libinit$$0000002A)
    __rt_lib_init_atexit_1                   0x000001a7   Thumb Code     0  libinit2.o(.ARM.Collect$$libinit$$00000019)
    __rt_lib_init_clock_1                    0x000001a7   Thumb Code     0  libinit2.o(.ARM.Collect$$libinit$$0000001F)
    __rt_lib_init_cpp_1                      0x000001a7   Thumb Code     0  libinit2.o(.ARM.Collect$$libinit$$00000030)
    __rt_lib_init_exceptions_1               0x000001a7   Thumb Code     0  libinit2.o(.ARM.Collect$$libinit$$0000002E)
    __rt_lib_init_fp_1                       0x000001a7   Thumb Code     0  libinit2.o(.ARM.Collect$$libinit$$00000002)
    __rt_lib_init_fp_trap_1                  0x000001a7   Thumb Code     0  libinit2.o(.ARM.Collect$$libinit$$0000001D)
    __rt_lib_init_getenv_1                   0x000001a7   Thumb Code     0  libinit2.o(.ARM.Collect$$libinit$$00000021)
    __rt_lib_init_heap_1                     0x000001a7   Thumb Code     0  libinit2.o(.ARM.Collect$$libinit$$00000008)
    __rt_lib_init_lc_collate_1               0x000001a7   Thumb Code     0  libinit2.o(.ARM.Collect$$libinit$$0000000F)
    __rt_lib_init_lc_ctype_1                 0x000001a7   Thumb Code     0  libinit2.o(.ARM.Collect$$libinit$$00000011)
    __rt_lib_init_lc_monetary_1              0x000001a7   Thumb Code     0  libinit2.o(.ARM.Collect$$libinit$$00000013)
    __rt_lib_init_lc_numeric_1               0x000001a7   Thumb Code     0  libinit2.o(.ARM.Collect$$libinit$$00000015)
    __rt_lib_init_lc_time_1                  0x000001a7   Thumb Code     0  libinit2.o(.ARM.Collect$$libinit$$00000017)
    __rt_lib_init_rand_1                     0x000001a7   Thumb Code     0  libinit2.o(.ARM.Collect$$libinit$$0000000C)
    __rt_lib_init_return                     0x000001a7   Thumb Code     0  libinit2.o(.ARM.Collect$$libinit$$00000031)
    __rt_lib_init_signal_1                   0x000001a7   Thumb Code     0  libinit2.o(.ARM.Collect$$libinit$$0000001B)
    __rt_lib_init_stdio_1                    0x000001a7   Thumb Code     0  libinit2.o(.ARM.Collect$$libinit$$00000023)
    __rt_lib_init_user_alloc_1               0x000001a7   Thumb Code     0  libinit2.o(.ARM.Collect$$libinit$$0000000A)
    Inline ARM to Thumb Veneer to __rt_lib_shutdown 0x000001b4   ARM Code       8  libshutdown.o(.ARM.Collect$$libshutdown$$00000000)
    __rt_lib_shutdown                        0x000001bd   Thumb Code     0  libshutdown.o(.ARM.Collect$$libshutdown$$00000000)
    __rt_lib_shutdown_fp_trap_1              0x000001c1   Thumb Code     0  libshutdown2.o(.ARM.Collect$$libshutdown$$00000006)
    __rt_lib_shutdown_heap_1                 0x000001c1   Thumb Code     0  libshutdown2.o(.ARM.Collect$$libshutdown$$0000000E)
    __rt_lib_shutdown_return                 0x000001c1   Thumb Code     0  libshutdown2.o(.ARM.Collect$$libshutdown$$0000000F)
    __rt_lib_shutdown_signal_1               0x000001c1   Thumb Code     0  libshutdown2.o(.ARM.Collect$$libshutdown$$00000009)
    __rt_lib_shutdown_stdio_1                0x000001c1   Thumb Code     0  libshutdown2.o(.ARM.Collect$$libshutdown$$00000003)
    __rt_lib_shutdown_user_alloc_1           0x000001c1   Thumb Code     0  libshutdown2.o(.ARM.Collect$$libshutdown$$0000000B)
    __rt_entry                               0x000001c8   ARM Code       0  rtentry.o(.ARM.Collect$$rtentry$$00000000)
    __rt_entry_presh_1                       0x000001c8   ARM Code       0  rtentry2.o(.ARM.Collect$$rtentry$$00000002)
    __rt_entry_sh                            0x000001c8   ARM Code       0  rtentry4.o(.ARM.Collect$$rtentry$$00000004)
    __rt_entry_li                            0x000001d0   ARM Code       0  rtentry2.o(.ARM.Collect$$rtentry$$0000000A)
    __rt_entry_postsh_1                      0x000001d0   ARM Code       0  rtentry2.o(.ARM.Collect$$rtentry$$00000009)
    __rt_entry_main                          0x000001d4   ARM Code       0  rtentry2.o(.ARM.Collect$$rtentry$$0000000D)
    __rt_entry_postli_1                      0x000001d4   ARM Code       0  rtentry2.o(.ARM.Collect$$rtentry$$0000000C)
    Inline Thumb to ARM Veneer to __rt_exit  0x000001fd   Thumb Code     4  rtexit.o(.ARM.Collect$$rtexit$$00000000)
    __rt_exit                                0x00000200   ARM Code       0  rtexit.o(.ARM.Collect$$rtexit$$00000000)
    __rt_exit_ls                             0x00000204   ARM Code       0  rtexit2.o(.ARM.Collect$$rtexit$$00000003)
    __rt_exit_prels_1                        0x00000204   ARM Code       0  rtexit2.o(.ARM.Collect$$rtexit$$00000002)
    __rt_exit_exit                           0x00000208   ARM Code       0  rtexit2.o(.ARM.Collect$$rtexit$$00000004)
    __user_initial_stackheap                 0x00000210   ARM Code       0  startup.o(.text)
    Button_To_Led                            0x00000231   Thumb Code   130  main.o(.text)
    WatchEvent_To_Led                        0x000002b3   Thumb Code    84  main.o(.text)
    UART_Transmit_Msg                        0x00000307   Thumb Code    40  main.o(.text)
    main                                     0x0000032f   Thumb Code   108  main.o(.text)
    Led_Init                                 0x00000401   Thumb Code    22  led.o(.text)
    Led_On                                   0x00000417   Thumb Code    72  led.o(.text)
    Led_Off                                  0x0000045f   Thumb Code    10  led.o(.text)
    Led_Step                                 0x00000469   Thumb Code    46  led.o(.text)
    Led_StepLeft                             0x00000497   Thumb Code    12  led.o(.text)
    Led_StepRight                            0x000004a3   Thumb Code    12  led.o(.text)
    Led_Toggle                               0x000004af   Thumb Code    32  led.o(.text)
    CopyString                               0x000004d9   Thumb Code    28  string.o(.text)
    eCompareString                           0x000004f5   Thumb Code    58  string.o(.text)
    AppendString                             0x0000052f   Thumb Code    36  string.o(.text)
    ReplaceCharactersInString                0x00000553   Thumb Code    32  string.o(.text)
    UIntToHexStr                             0x00000573   Thumb Code    70  string.o(.text)
    eHexStringToUInt                         0x000005b9   Thumb Code   112  string.o(.text)
    AppendUIntToString                       0x00000629   Thumb Code    36  string.o(.text)
    Inline ARM to Thumb Veneer to Reciever_PutCharacterToBuffer 0x0000064c   ARM Code       8  uart.o(.text)
    Transmiter_GetCharacterFromBuffer        0x00000655   Thumb Code    52  uart.o(.text)
    Reciever_PutCharacterToBuffer            0x00000689   Thumb Code    68  uart.o(.text)
    UART_InitWithInt                         0x000006cd   Thumb Code    94  uart.o(.text)
    eReciever_GetStatus                      0x0000072b   Thumb Code     6  uart.o(.text)
    Reciever_GetStringCopy                   0x00000731   Thumb Code    24  uart.o(.text)
    Transmiter_SendString                    0x00000749   Thumb Code    34  uart.o(.text)
    Transmiter_GetStatus                     0x0000076b   Thumb Code     6  uart.o(.text)
    UART0_Interrupt                          0x00000794   ARM Code     108  uart.o(.text)
    eReadButtons                             0x0000080d   Thumb Code    76  keyboard.o(.text)
    Keyboard_Thread                          0x00000859   Thumb Code    40  keyboard.o(.text)
    eKeyboard_Read                           0x00000881   Thumb Code    26  keyboard.o(.text)
    Keyboard_Init                            0x0000089b   Thumb Code    54  keyboard.o(.text)
    sWatch_Read                              0x000008dd   Thumb Code    28  watch.o(.text)
    Watch_Thread                             0x000008f9   Thumb Code    84  watch.o(.text)
    Watch_Init                               0x0000094d   Thumb Code    88  watch.o(.text)
    xTaskCreate                              0x00000b0d   Thumb Code    96  tasks.o(.text)
    vTaskDelete                              0x00000bb1   Thumb Code   130  tasks.o(.text)
    xTaskIncrementTick                       0x00000c33   Thumb Code   246  tasks.o(.text)
    xTaskResumeAll                           0x00000d29   Thumb Code   276  tasks.o(.text)
    vTaskSuspendAll                          0x00000ea3   Thumb Code    12  tasks.o(.text)
    vTaskDelayUntil                          0x00000eaf   Thumb Code    96  tasks.o(.text)
    vTaskDelay                               0x00000f0f   Thumb Code    42  tasks.o(.text)
    uxTaskPriorityGet                        0x00000f39   Thumb Code    36  tasks.o(.text)
    uxTaskPriorityGetFromISR                 0x00000f5d   Thumb Code    26  tasks.o(.text)
    vTaskPrioritySet                         0x00000f77   Thumb Code   186  tasks.o(.text)
    vTaskSwitchContext                       0x00001031   Thumb Code    98  tasks.o(.text)
    vTaskSuspend                             0x00001093   Thumb Code   140  tasks.o(.text)
    vTaskResume                              0x00001161   Thumb Code    96  tasks.o(.text)
    xTaskResumeFromISR                       0x000011c1   Thumb Code   158  tasks.o(.text)
    vTaskStartScheduler                      0x000012b3   Thumb Code    60  tasks.o(.text)
    vTaskEndScheduler                        0x000012ef   Thumb Code    22  tasks.o(.text)
    xTaskGetTickCount                        0x00001305   Thumb Code    22  tasks.o(.text)
    xTaskGetTickCountFromISR                 0x0000131b   Thumb Code     8  tasks.o(.text)
    uxTaskGetNumberOfTasks                   0x00001323   Thumb Code     6  tasks.o(.text)
    pcTaskGetName                            0x00001329   Thumb Code    22  tasks.o(.text)
    vTaskPlaceOnEventList                    0x0000133f   Thumb Code    32  tasks.o(.text)
    vTaskPlaceOnUnorderedEventList           0x0000135f   Thumb Code    46  tasks.o(.text)
    xTaskRemoveFromEventList                 0x0000138d   Thumb Code   106  tasks.o(.text)
    vTaskRemoveFromUnorderedEventList        0x000013f7   Thumb Code    84  tasks.o(.text)
    vTaskSetTimeOutState                     0x0000144b   Thumb Code    30  tasks.o(.text)
    vTaskInternalSetTimeOutState             0x00001469   Thumb Code    14  tasks.o(.text)
    xTaskCheckForTimeOut                     0x00001477   Thumb Code    88  tasks.o(.text)
    vTaskMissedYield                         0x000014cf   Thumb Code     8  tasks.o(.text)
    uxTaskResetEventItemValue                0x000014d7   Thumb Code    24  tasks.o(.text)
    ulTaskNotifyTake                         0x000014ef   Thumb Code   106  tasks.o(.text)
    xTaskNotifyWait                          0x00001559   Thumb Code   142  tasks.o(.text)
    xTaskGenericNotify                       0x000015e7   Thumb Code   236  tasks.o(.text)
    xTaskGenericNotifyFromISR                0x000016d3   Thumb Code   200  tasks.o(.text)
    vTaskNotifyGiveFromISR                   0x0000179b   Thumb Code   122  tasks.o(.text)
    xTaskNotifyStateClear                    0x00001815   Thumb Code    54  tasks.o(.text)
    vListInitialise                          0x00001865   Thumb Code    26  list.o(.text)
    vListInitialiseItem                      0x0000187f   Thumb Code     6  list.o(.text)
    vListInsertEnd                           0x00001885   Thumb Code    24  list.o(.text)
    vListInsert                              0x0000189d   Thumb Code    54  list.o(.text)
    uxListRemove                             0x000018d3   Thumb Code    40  list.o(.text)
    xQueueGenericReset                       0x000018fb   Thumb Code   124  queue.o(.text)
    xQueueGenericCreate                      0x0000199d   Thumb Code    64  queue.o(.text)
    xQueueGenericSend                        0x00001b05   Thumb Code   244  queue.o(.text)
    xQueueGenericSendFromISR                 0x00001bf9   Thumb Code   120  queue.o(.text)
    xQueueGiveFromISR                        0x00001c71   Thumb Code   106  queue.o(.text)
    xQueueReceive                            0x00001d2b   Thumb Code   230  queue.o(.text)
    xQueueSemaphoreTake                      0x00001e11   Thumb Code   222  queue.o(.text)
    xQueuePeek                               0x00001eef   Thumb Code   234  queue.o(.text)
    xQueueReceiveFromISR                     0x00001fd9   Thumb Code   116  queue.o(.text)
    xQueuePeekFromISR                        0x0000204d   Thumb Code    44  queue.o(.text)
    uxQueueMessagesWaiting                   0x00002079   Thumb Code    22  queue.o(.text)
    uxQueueSpacesAvailable                   0x0000208f   Thumb Code    28  queue.o(.text)
    uxQueueMessagesWaitingFromISR            0x000020ab   Thumb Code     6  queue.o(.text)
    vQueueDelete                             0x000020b1   Thumb Code    18  queue.o(.text)
    xQueueIsQueueEmptyFromISR                0x000020c3   Thumb Code    16  queue.o(.text)
    xQueueIsQueueFullFromISR                 0x000020d3   Thumb Code    18  queue.o(.text)
    pxPortInitialiseStack                    0x000020e5   Thumb Code   126  port.o(.text)
    xPortStartScheduler                      0x0000219f   Thumb Code    18  port.o(.text)
    vPortEndScheduler                        0x000021b1   Thumb Code     2  port.o(.text)
    vPortEnterCritical                       0x000021b3   Thumb Code    22  port.o(.text)
    vPortExitCritical                        0x000021c9   Thumb Code    38  port.o(.text)
    pvPortMalloc                             0x00002263   Thumb Code   168  heap_2.o(.text)
    vPortFree                                0x0000230b   Thumb Code    62  heap_2.o(.text)
    xPortGetFreeHeapSize                     0x00002349   Thumb Code     6  heap_2.o(.text)
    vPortInitialiseBlocks                    0x0000234f   Thumb Code     2  heap_2.o(.text)
    Inline Thumb to ARM Veneer to __aeabi_memcpy 0x00002369   Thumb Code     4  rt_memcpy.o(.text)
    __aeabi_memcpy                           0x0000236c   ARM Code       0  rt_memcpy.o(.text)
    __rt_memcpy                              0x0000236c   ARM Code     212  rt_memcpy.o(.text)
    _memcpy_lastbytes                        0x00002420   ARM Code       0  rt_memcpy.o(.text)
    __aeabi_idiv                             0x00002440   ARM Code       0  aeabi_sdiv.o(.text)
    __aeabi_idivmod                          0x00002440   ARM Code     384  aeabi_sdiv.o(.text)
    __use_two_region_memory                  0x000025c1   Thumb Code     2  heapauxi.o(.text)
    __rt_heap_escrow$2region                 0x000025c3   Thumb Code     2  heapauxi.o(.text)
    __rt_heap_expand$2region                 0x000025c5   Thumb Code     2  heapauxi.o(.text)
    __aeabi_memcpy4                          0x000025c8   ARM Code       0  rt_memcpy_w.o(.text)
    __aeabi_memcpy8                          0x000025c8   ARM Code       0  rt_memcpy_w.o(.text)
    __rt_memcpy_w                            0x000025c8   ARM Code     100  rt_memcpy_w.o(.text)
    _memcpy_lastbytes_aligned                0x00002614   ARM Code       0  rt_memcpy_w.o(.text)
    __user_setup_stackheap                   0x0000262c   ARM Code      96  sys_stackheap_outer.o(.text)
    exit                                     0x0000268d   Thumb Code    12  exit.o(.text)
    __user_libspace                          0x00002698   ARM Code      12  libspace.o(.text)
    __user_perproc_libspace                  0x00002698   ARM Code       0  libspace.o(.text)
    __user_perthread_libspace                0x00002698   ARM Code       0  libspace.o(.text)
    Inline ARM to Thumb Veneer to _sys_exit  0x000026a4   ARM Code       8  sys_exit.o(.text)
    _sys_exit                                0x000026ad   Thumb Code     8  sys_exit.o(.text)
    __I$use$semihosting                      0x000026b8   ARM Code       0  use_no_semi.o(.text)
    __use_no_semihosting_swi                 0x000026b8   ARM Code       4  use_no_semi.o(.text)
    Inline Thumb to ARM Veneer to __aeabi_uidivmod 0x000026bd   Thumb Code     4  aeabi_sdiv.o(.text_udiv)
    __semihosting_library_function           0x000026bc   ARM Code       0  indicate_semi.o(.text)
    __aeabi_uidiv                            0x000026c0   ARM Code       0  aeabi_sdiv.o(.text_udiv)
    __aeabi_uidivmod                         0x000026c0   ARM Code      36  aeabi_sdiv.o(.text_udiv)
    Inline Thumb to ARM Veneer to vPortStartFirstTask 0x000026e5   Thumb Code     4  portasm.o(PORT_ASM)
    vPortStartFirstTask                      0x000026e8   ARM Code       0  portasm.o(PORT_ASM)
    vPortYield                               0x00002718   ARM Code       0  portasm.o(PORT_ASM)
    vPortYieldProcessor                      0x00002720   ARM Code       0  portasm.o(PORT_ASM)
    vPreemptiveTick                          0x000027ac   ARM Code       0  portasm.o(PORT_ASM)
    Long ARM to Thumb Veneer to Transmiter_GetCharacterFromBuffer 0x00002874   ARM Code      12  anon$$obj.o(Veneer$$Code)
    Short Thumb to ARM Veneer to vPortYield  0x00002881   Thumb Code     8  anon$$obj.o(Veneer$$Code)
    Inline Thumb to ARM Veneer to __ARM_common_disable_irq 0x00002889   Thumb Code     4  tasks.o(i.__ARM_common_disable_irq)
    __ARM_common_disable_irq                 0x0000288c   ARM Code      20  tasks.o(i.__ARM_common_disable_irq)
    Inline Thumb to ARM Veneer to __ARM_common_enable_irq 0x000028a1   Thumb Code     4  port.o(i.__ARM_common_enable_irq)
    __ARM_common_enable_irq                  0x000028a4   ARM Code      16  port.o(i.__ARM_common_enable_irq)
    Inline Thumb to ARM Veneer to __ARM_common_switch8 0x000028b5   Thumb Code     4  tasks.o(i.__ARM_common_switch8)
    __ARM_common_switch8                     0x000028b8   ARM Code      32  tasks.o(i.__ARM_common_switch8)
    Region$$Table$$Base                      0x000028d8   Number         0  anon$$obj.o(Region$$Table)
    Region$$Table$$Limit                     0x000028f8   Number         0  anon$$obj.o(Region$$Table)
    xUART_Queue                              0x40000000   Data           4  main.o(.data)
    cOdebranyZnak                            0x40000008   Data           1  uart.o(.data)
    xButtonQueue                             0x4000000c   Data           4  keyboard.o(.data)
    xWatchQueue                              0x40000010   Data           4  watch.o(.data)
    pxCurrentTCB                             0x40000014   Data           4  tasks.o(.data)
    ulCriticalNesting                        0x40000050   Data           4  port.o(.data)
    sTransmiterBuffer                        0x4000006c   Data          23  uart.o(.bss)
    sBuffer                                  0x40000083   Data          22  uart.o(.bss)
    __libspace_start                         0x40001950   Data          96  libspace.o(.bss)
    __temporary_stack_top$libspace           0x400019b0   Data           0  libspace.o(.bss)



==============================================================================

Memory Map of the image

  Image Entry point : 0x00000104

  Load Region LR_IROM1 (Base: 0x00000000, Size: 0x00002964, Max: 0x00040000, ABSOLUTE)

    Execution Region ER_IROM1 (Base: 0x00000000, Size: 0x000028f8, Max: 0x00040000, ABSOLUTE)

    Base Addr    Size         Type   Attr      Idx    E Section Name        Object

    0x00000000   0x00000104   Code   RO            3    RESET               startup.o
    0x00000104   0x00000008   Code   RO          367  * !!!main             c_t.l(__main.o)
    0x0000010c   0x0000003c   Code   RO          535    !!!scatter          c_t.l(__scatter.o)
    0x00000148   0x00000028   Code   RO          537    !!handler_copy      c_t.l(__scatter_copy.o)
    0x00000170   0x0000002c   Code   RO          539    !!handler_zi        c_t.l(__scatter_zi.o)
    0x0000019c   0x00000008   Ven    RO          406    .ARM.Collect$$libinit$$00000000  c_t.l(libinit.o)
    0x000001a4   0x00000002   Code   RO          406    .ARM.Collect$$libinit$$00000000  c_t.l(libinit.o)
    0x000001a6   0x00000000   Code   RO          419    .ARM.Collect$$libinit$$00000002  c_t.l(libinit2.o)
    0x000001a6   0x00000000   Code   RO          422    .ARM.Collect$$libinit$$00000008  c_t.l(libinit2.o)
    0x000001a6   0x00000000   Code   RO          424    .ARM.Collect$$libinit$$0000000A  c_t.l(libinit2.o)
    0x000001a6   0x00000000   Code   RO          426    .ARM.Collect$$libinit$$0000000C  c_t.l(libinit2.o)
    0x000001a6   0x00000000   Code   RO          429    .ARM.Collect$$libinit$$0000000F  c_t.l(libinit2.o)
    0x000001a6   0x00000000   Code   RO          431    .ARM.Collect$$libinit$$00000011  c_t.l(libinit2.o)
    0x000001a6   0x00000000   Code   RO          433    .ARM.Collect$$libinit$$00000013  c_t.l(libinit2.o)
    0x000001a6   0x00000000   Code   RO          435    .ARM.Collect$$libinit$$00000015  c_t.l(libinit2.o)
    0x000001a6   0x00000000   Code   RO          437    .ARM.Collect$$libinit$$00000017  c_t.l(libinit2.o)
    0x000001a6   0x00000000   Code   RO          439    .ARM.Collect$$libinit$$00000019  c_t.l(libinit2.o)
    0x000001a6   0x00000000   Code   RO          441    .ARM.Collect$$libinit$$0000001B  c_t.l(libinit2.o)
    0x000001a6   0x00000000   Code   RO          443    .ARM.Collect$$libinit$$0000001D  c_t.l(libinit2.o)
    0x000001a6   0x00000000   Code   RO          445    .ARM.Collect$$libinit$$0000001F  c_t.l(libinit2.o)
    0x000001a6   0x00000000   Code   RO          447    .ARM.Collect$$libinit$$00000021  c_t.l(libinit2.o)
    0x000001a6   0x00000000   Code   RO          449    .ARM.Collect$$libinit$$00000023  c_t.l(libinit2.o)
    0x000001a6   0x00000000   Code   RO          453    .ARM.Collect$$libinit$$0000002A  c_t.l(libinit2.o)
    0x000001a6   0x00000000   Code   RO          455    .ARM.Collect$$libinit$$0000002C  c_t.l(libinit2.o)
    0x000001a6   0x00000000   Code   RO          457    .ARM.Collect$$libinit$$0000002E  c_t.l(libinit2.o)
    0x000001a6   0x00000000   Code   RO          459    .ARM.Collect$$libinit$$00000030  c_t.l(libinit2.o)
    0x000001a6   0x0000000c   Code   RO          460    .ARM.Collect$$libinit$$00000031  c_t.l(libinit2.o)
    0x000001b2   0x00000002   PAD
    0x000001b4   0x00000008   Ven    RO          493    .ARM.Collect$$libshutdown$$00000000  c_t.l(libshutdown.o)
    0x000001bc   0x00000004   Code   RO          493    .ARM.Collect$$libshutdown$$00000000  c_t.l(libshutdown.o)
    0x000001c0   0x00000000   Code   RO          520    .ARM.Collect$$libshutdown$$00000003  c_t.l(libshutdown2.o)
    0x000001c0   0x00000000   Code   RO          523    .ARM.Collect$$libshutdown$$00000006  c_t.l(libshutdown2.o)
    0x000001c0   0x00000000   Code   RO          526    .ARM.Collect$$libshutdown$$00000009  c_t.l(libshutdown2.o)
    0x000001c0   0x00000000   Code   RO          528    .ARM.Collect$$libshutdown$$0000000B  c_t.l(libshutdown2.o)
    0x000001c0   0x00000000   Code   RO          531    .ARM.Collect$$libshutdown$$0000000E  c_t.l(libshutdown2.o)
    0x000001c0   0x00000006   Code   RO          532    .ARM.Collect$$libshutdown$$0000000F  c_t.l(libshutdown2.o)
    0x000001c6   0x00000002   PAD
    0x000001c8   0x00000000   Code   RO          369    .ARM.Collect$$rtentry$$00000000  c_t.l(rtentry.o)
    0x000001c8   0x00000000   Code   RO          377    .ARM.Collect$$rtentry$$00000002  c_t.l(rtentry2.o)
    0x000001c8   0x00000008   Code   RO          389    .ARM.Collect$$rtentry$$00000004  c_t.l(rtentry4.o)
    0x000001d0   0x00000000   Code   RO          379    .ARM.Collect$$rtentry$$00000009  c_t.l(rtentry2.o)
    0x000001d0   0x00000004   Code   RO          380    .ARM.Collect$$rtentry$$0000000A  c_t.l(rtentry2.o)
    0x000001d4   0x00000000   Code   RO          382    .ARM.Collect$$rtentry$$0000000C  c_t.l(rtentry2.o)
    0x000001d4   0x00000028   Code   RO          383    .ARM.Collect$$rtentry$$0000000D  c_t.l(rtentry2.o)
    0x000001fc   0x00000004   Ven    RO          410    .ARM.Collect$$rtexit$$00000000  c_t.l(rtexit.o)
    0x00000200   0x00000004   Code   RO          410    .ARM.Collect$$rtexit$$00000000  c_t.l(rtexit.o)
    0x00000204   0x00000000   Code   RO          464    .ARM.Collect$$rtexit$$00000002  c_t.l(rtexit2.o)
    0x00000204   0x00000004   Code   RO          465    .ARM.Collect$$rtexit$$00000003  c_t.l(rtexit2.o)
    0x00000208   0x00000008   Code   RO          466    .ARM.Collect$$rtexit$$00000004  c_t.l(rtexit2.o)
    0x00000210   0x00000020   Code   RO            4    .text               startup.o
    0x00000230   0x000001d0   Code   RO           11    .text               main.o
    0x00000400   0x000000d8   Code   RO           74    .text               led.o
    0x000004d8   0x00000174   Code   RO           90    .text               string.o
    0x0000064c   0x00000008   Ven    RO          102    .text               uart.o
    0x00000654   0x00000140   Code   RO          102    .text               uart.o
    0x00000794   0x00000078   Code   RO          103    .text               uart.o
    0x0000080c   0x000000d0   Code   RO          127    .text               keyboard.o
    0x000008dc   0x000000d0   Code   RO          179    .text               watch.o
    0x000009ac   0x00000eb8   Code   RO          194    .text               tasks.o
    0x00001864   0x00000096   Code   RO          256    .text               list.o
    0x000018fa   0x000007ea   Code   RO          292    .text               queue.o
    0x000020e4   0x00000158   Code   RO          310    .text               port.o
    0x0000223c   0x0000012c   Code   RO          327    .text               heap_2.o
    0x00002368   0x00000004   Ven    RO          347    .text               c_t.l(rt_memcpy.o)
    0x0000236c   0x000000d4   Code   RO          347    .text               c_t.l(rt_memcpy.o)
    0x00002440   0x00000180   Code   RO          349    .text               c_t.l(aeabi_sdiv.o)
    0x000025c0   0x00000006   Code   RO          365    .text               c_t.l(heapauxi.o)
    0x000025c6   0x00000002   PAD
    0x000025c8   0x00000064   Code   RO          374    .text               c_t.l(rt_memcpy_w.o)
    0x0000262c   0x00000060   Code   RO          393    .text               c_t.l(sys_stackheap_outer.o)
    0x0000268c   0x0000000c   Code   RO          395    .text               c_t.l(exit.o)
    0x00002698   0x0000000c   Code   RO          407    .text               c_t.l(libspace.o)
    0x000026a4   0x00000008   Ven    RO          461    .text               c_t.l(sys_exit.o)
    0x000026ac   0x0000000c   Code   RO          461    .text               c_t.l(sys_exit.o)
    0x000026b8   0x00000004   Code   RO          482    .text               c_t.l(use_no_semi.o)
    0x000026bc   0x00000000   Code   RO          484    .text               c_t.l(indicate_semi.o)
    0x000026bc   0x00000004   Ven    RO          350    .text_udiv          c_t.l(aeabi_sdiv.o)
    0x000026c0   0x00000024   Code   RO          350    .text_udiv          c_t.l(aeabi_sdiv.o)
    0x000026e4   0x00000004   Ven    RO          342    PORT_ASM            portasm.o
    0x000026e8   0x0000018c   Code   RO          342    PORT_ASM            portasm.o
    0x00002874   0x0000000c   Ven    RO          552    Veneer$$Code        anon$$obj.o
    0x00002880   0x00000008   Ven    RO          553    Veneer$$Code        anon$$obj.o
    0x00002888   0x00000004   Ven    RO          209    i.__ARM_common_disable_irq  tasks.o
    0x0000288c   0x00000014   Code   RO          209    i.__ARM_common_disable_irq  tasks.o
    0x000028a0   0x00000004   Ven    RO          322    i.__ARM_common_enable_irq  port.o
    0x000028a4   0x00000010   Code   RO          322    i.__ARM_common_enable_irq  port.o
    0x000028b4   0x00000004   Ven    RO          207    i.__ARM_common_switch8  tasks.o
    0x000028b8   0x00000020   Code   RO          207    i.__ARM_common_switch8  tasks.o
    0x000028d8   0x00000020   Data   RO          533    Region$$Table       anon$$obj.o


    Execution Region RW_IRAM1 (Base: 0x40000000, Size: 0x00001fd0, Max: 0x00004000, ABSOLUTE)

    Base Addr    Size         Type   Attr      Idx    E Section Name        Object

    0x40000000   0x00000004   Data   RW           12    .data               main.o
    0x40000004   0x00000004   Data   RW           75    .data               led.o
    0x40000008   0x00000001   Data   RW          105    .data               uart.o
    0x40000009   0x00000003   PAD
    0x4000000c   0x00000004   Data   RW          128    .data               keyboard.o
    0x40000010   0x00000004   Data   RW          180    .data               watch.o
    0x40000014   0x0000003c   Data   RW          196    .data               tasks.o
    0x40000050   0x00000004   Data   RW          311    .data               port.o
    0x40000054   0x00000018   Data   RW          329    .data               heap_2.o
    0x4000006c   0x0000002d   Zero   RW          104    .bss                uart.o
    0x40000099   0x00000003   PAD
    0x4000009c   0x000000b4   Zero   RW          195    .bss                tasks.o
    0x40000150   0x00001800   Zero   RW          328    .bss                heap_2.o
    0x40001950   0x00000060   Zero   RW          408    .bss                c_t.l(libspace.o)
    0x400019b0   0x00000000   Zero   RW            2    HEAP                startup.o
    0x400019b0   0x00000620   Zero   RW            1    STACK               startup.o


==============================================================================

Image component sizes


      Code (inc. data)   RO Data    RW Data    ZI Data      Debug   Object Name

       300         24          0         24       6144       3196   heap_2.o
       208         12          0          4          0       1363   keyboard.o
       216         10          0          4          0       1817   led.o
       150          0          0          0          0       7874   list.o
       464        102          0          4          0       8863   main.o
       360         78          0          4          0       3039   port.o
       396         24          0          0          0        336   portasm.o
      2026          0          0          0          0      16146   queue.o
       292         60          0          0       1568        556   startup.o
       372          0          0          0          0       2576   string.o
      3820        246          0         60        180      29216   tasks.o
       440         48          0          1         45       3573   uart.o
       208          8          0          4          0       1128   watch.o

    ----------------------------------------------------------------------
      9296        616         32        108       7940      79683   Object Totals
        44          4         32          0          0          0   (incl. Generated)
         0          0          0          3          3          0   (incl. Padding)

    ----------------------------------------------------------------------

      Code (inc. data)   RO Data    RW Data    ZI Data      Debug   Library Member Name

         8          0          0          0          0         68   __main.o
        60          8          0          0          0          0   __scatter.o
        40          0          0          0          0          0   __scatter_copy.o
        44          0          0          0          0          0   __scatter_zi.o
       424          0          0          0          0        148   aeabi_sdiv.o
        12          0          0          0          0         64   exit.o
         6          0          0          0          0        136   heapauxi.o
         0          0          0          0          0          0   indicate_semi.o
        10          0          0          0          0          0   libinit.o
        12          0          0          0          0          0   libinit2.o
        12          0          0          0          0          0   libshutdown.o
         6          0          0          0          0          0   libshutdown2.o
        12          4          0          0         96         68   libspace.o
       216          0          0          0          0         68   rt_memcpy.o
       100          0          0          0          0         80   rt_memcpy_w.o
         0          0          0          0          0          0   rtentry.o
        44          4          0          0          0          0   rtentry2.o
         8          0          0          0          0          0   rtentry4.o
         8          0          0          0          0          0   rtexit.o
        12          0          0          0          0          0   rtexit2.o
        20          4          0          0          0         60   sys_exit.o
        96          0          0          0          0         80   sys_stackheap_outer.o
         4          0          0          0          0         68   use_no_semi.o

    ----------------------------------------------------------------------
      1160         20          0          0         96        840   Library Totals
         6          0          0          0          0          0   (incl. Padding)

    ----------------------------------------------------------------------

      Code (inc. data)   RO Data    RW Data    ZI Data      Debug   Library Name

      1154         20          0          0         96        840   c_t.l

    ----------------------------------------------------------------------
      1160         20          0          0         96        840   Library Totals

    ----------------------------------------------------------------------

==============================================================================


      Code (inc. data)   RO Data    RW Data    ZI Data      Debug   

     10456        636         32        108       8036      79087   Grand Totals
     10456        636         32        108       8036      79087   ELF Image Totals
     10456        636         32        108          0          0   ROM Totals

==============================================================================

    Total RO  Size (Code + RO Data)                10488 (  10.24kB)
    Total RW  Size (RW Data + ZI Data)              8144 (   7.95kB)
    Total ROM Size (Code + RO Data + RW Data)      10596 (  10.35kB)

==============================================================================

